// Vitest Snapshot v1, https://vitest.dev/guide/snapshot.html

exports[`incorrect usage 1`] = `
"translated from Spanish; Castilian to Japanese:
\\"ちょっとおかしい\\""
`;
